etl_job_log
dqc_log
acrm_f_ci_org_shareholders
acrm_f_ci_org_ent_rep
acrm_f_ci_org_executiveinfo
acrm_f_ci_org_issuestock
acrm_f_ci_org_issuebond
acrm_f_ci_cust_relate
acrm_f_ci_gk_zjyw
acrm_f_ci_ch_info
acrm_f_ci_credit_info
acrm_f_ci_score_info
acrm_f_ci_person
acrm_f_ci_per_keyflag
acrm_f_ci_cust_identifier
acrm_f_ci_per_jobresume
acrm_f_ci_career_info
acrm_f_ci_income_info
acrm_f_ci_vehicle
acrm_f_ci_cust_feedback_info
acrm_f_ci_per_investment
acrm_f_ci_per_ast_info
acrm_f_cm_grade_level_info
acrm_f_ci_per_liabilities
acrm_f_ci_taxinfo
acrm_f_ci_per_busiinfo
acrm_f_ci_per_family
acrm_f_ci_per_families
acrm_f_ci_pawn_info
acrm_f_ci_guarantor_info
acrm_f_ci_cre_info
acrm_f_ci_contract_info
acrm_f_mm_mkt_target_manager
acrm_f_mm_mkt_target_org
loy_ci_score_bl_info
loy_ln_pay_interest_info
loy_f_ci_fina_act
loy_ci_ic_info
loy_ci_credit_info
loy_acct_amt_td_info
loy_acct_ic_td_info
loy_det_reconciliation_hz
acrm_f_ci_shares_info
acrm_f_ci_save_info
acrm_f_ci_loan_info
acrm_f_ci_gk_save
acrm_f_ci_gk_loan
acrm_f_ci_contribution_org
acrm_cms_prod_base
acrm_cbs_pdepp
loy_score_create_mx
acrm_f_wp_remind_account
loy_score_consume_mx
acrm_f_wp_remind_product
acrm_f_wp_remind_festival
acrm_f_wp_remind_work_task
loy_valid_score_info
acrm_f_wp_remind_leave
acrm_f_ci_target_info_his
acrm_f_cm_target_info_his
acrm_f_pd_target_info_his
acrm_f_wp_remind_serve_mag
loy_ci_consum_info
acrm_f_wp_remind_cust_mag
loy_ci_freeze_serial
acrm_f_wp_remind_loy
loy_ci_unfreeze_serial
loy_sr_adjust_info
loy_sr_org_journal
loy_ac_score_pool
loy_ac_group_info
loy_ac_member_info
loy_sr_scheme_info
loy_ac_seller_info
loy_ac_seller_js_info
loy_eng_rule_info
loy_formula_fix_value
loy_formula_rate
loy_formula_range
loy_activity_role_param
loy_activity_role_index
loy_sr_unpay_score_info
loy_sr_pay_score_info
loy_cost_share
acrm_f_pd_prmcd
acrm_f_pd_prod_info
acrm_f_ci_p_probuy_info
acrm_f_ci_dep_act_bfrbl
acrm_f_ci_ln_due
acrm_f_ci_ln_pact
loy_activity_role_sch
acrm_f_pd_loan_prod
acrm_f_ci_belong_org
acrm_f_cm_target_info
acrm_f_ci_target_info
acrm_f_ci_belong_manager
acrm_f_ci_grade_score
acrm_f_pd_target_info
acrm_f_pi_grade_scheme
acrm_f_ci_grade_scheme
acrm_f_ci_grade_level
acrm_f_cm_grade_scheme
acrm_f_cm_target_set
acrm_f_cm_grade_level
acrm_f_pd_grade_level
acrm_f_ci_per_likeinfo
acrm_f_ci_per_preference
acrm_f_ci_oth_bank_save
acrm_f_ci_finance_info
acrm_f_ci_family_finance_info
acrm_f_ci_utility_bills
acrm_f_ci_farmer_product
acrm_f_ci_oth_bank_loan
acrm_f_ci_oth_bank_matters
acrm_f_ci_oth_bank_assure
acrm_f_ci_education
acrm_f_ci_org_organ_info
acrm_f_ci_grade_result
acrm_f_ci_grade_center
acrm_f_sys_index_base
acrm_f_ci_grade_model
acrm_f_ci_grade_target_set
loy_acct_instal_info
loy_td_event_info
acrm_f_ci_psjlv
acrm_f_ci_org
acrm_f_ci_org_keyflag
acrm_f_ci_org_busiinfo
acrm_f_ci_org_cert_info
acrm_f_ci_contmeth
acrm_f_pd_save_prod
acrm_f_wp_work_report_info
acrm_f_ci_address
acrm_f_ci_insur_info
acrm_f_wp_work_deposit_info
acrm_idx_configure
acrm_tag_configure
acrm_f_tag_cust_tags
acrm_idx_persion
acrm_idx_org
acrm_idx_loan_ac_inf
acrm_f_ci_loan_act
acrm_f_cm_gk_business
acrm_f_gk_org_monbusi
acrm_f_ci_gk_org_busi
acrm_f_gk_org_busi_bad
acrm_f_cm_cust_mgr_info
acrm_f_ci_soc_insure_info
acrm_f_ci_fin_risk_info
acrm_f_cm_gk_team_business
acrm_f_cm_grade_center
acrm_f_ci_customer
acrm_f_ci_dp_ac_attr_inf_bak
acrm_f_ci_dp_ac_bal_inf_bak
loy_dp_acct_info
acrm_f_ci_pledge_info
acrm_f_ci_gk_ch
acrm_idx_dp_ac_inf
acrm_f_ci_dp_ac_bal_inf
acrm_f_ci_chart_credit
