etl_load_his_log
etl_load_his_log_detail
t_dwf_gl_xxt_fund_lx_tmp
t_dwf_gl_tlei_balance_tmp1
t_dwf_gl_tlei_balance
f_gl_xxt_fund_je_tmp1
f_gl_xxt_fund_je_tmp2
f_gl_xxt_fund_trx_b_tmp
f_gl_xxt_tlei_je_tmp1
f_gl_xxt_tlei_je_tmp2
ftp_price_unit_tmp1
t_azjcph_guiyls_tmp
t_dwf_adpai_au_tmp
t_dwf_deposit_bal_tmp2
t_dwf_deposit_tqzq_lx_tmp
t_dwf_deposit_tqzq_tmp1
t_dwf_deposit_tqzq_tmp2
t_dwf_deposit_xd_rate_tmp
t_dwf_gl_bond_je
t_dwf_gl_bond_je_tmp1
t_dwf_gl_bond_je_tmp2
t_dwf_gl_bond_lx_tmp
t_dwf_gl_fund_trx
t_dwf_gl_fund_trx_tmp1
t_dwf_gl_tlei_curr_b
t_dwf_gl_tlei_curr_b_tmp1
t_dwf_gl_tlei_je
t_dwf_gl_tlei_lx_tmp
t_dwf_gl_fund_je
t_dwf_loan_adkzh
t_dwf_loan_adkzh_tmp1
t_dwf_loan_bdkqg
t_dwf_loan_bdkqg_tmp1
t_dwf_loan_bdkqg_tmp2
t_dwf_loan_due
t_dwf_loan_ln_due_tmp1
t_dwf_loan_pact
t_dwf_loan_pact_tmp1
t_dwf_loan_tmp
t_dwf_loan_tmp1
t_dwf_gl_xxt_tlei_bj_accum_tmp
t_dwf_gl_tlei_bj_tmp
t_dwf_gl_bond_info
t_dwf_gl_fund_info
t_dwf_gl_fund_info_tmp1
t_dwf_gl_bond_info_tmp1
t_dwf_gl_bond_balance
t_dwf_gl_bond_balance_tmp1
t_dwf_gl_xxt_bond_bj_accum_tmp
t_dwf_gl_bond_bj_tmp
t_dwf_gl_fund_balance
t_dwf_gl_fund_balance_tmp1
t_dwf_gl_xxt_fund_bj_tmp
t_dwf_gl_xxt_fund_bj_accum_tmp
t_dwf_deposit_adpai
t_dwf_deposit_adpai_tmp1
t_dwf_gl_daily
dwodm_btmlx
t_dwf_check_def
t_dwf_check_log
t_dwf_deposit1
t_dwf_loan_blnhk
t_dwf_loan_blnhk_tmp1
t_dwf_loan_blnjx_tmp1
t_dwf_loan_blnjx
t_dwf_data_check
loan_zz_to_hx
t_dwf_gl_tlei
t_dwf_tx_atxmx
t_dwf_tx_atxmx_tmp1
t_dwf_tx_atxzh
t_dwf_tx_atxzh_tmp1
t_dwf_tx_bal_accum_tmp1
t_dwf_tx
t_dwf_deposit_adpau
t_dwf_deposit_adpau_tmp1
t_dwf_deposit_adpau_tmp2
t_dwf_deposit_bal
t_dwf_deposit_bal_tmp1
t_dwf_deposit_info
t_dwf_deposit_info_tmp1
t_dwf_gl_bond_tzsy
bdpfc
f_gl_xxt_tlei_je_b
xxt_loan_book_b
xxt_loan_account_map_b
xxt_loan_book_jx_b
blxmx
btmlx
ebs_xxt_gl_costcenter_v
pjgbz
bbjjh
pjgkz
t_dwf_deposit_adpai_tmp2
t_dwf_deposit_day_tmp1
t_dwf_deposit_tqzq
xxt_loan_book_b_tmp3
xxt_loan_book_b_tmp2
xxt_loan_book_b_tmp1
t_dwf_loan_jx
t1
t_dwf_loan_jx_fse
xxt_loan_book_b_tmp4
xxt_loan_book_b_tmp5
etl_date
t_dwf_gl_issue_balance
f_gl_xxt_issue_balance_b_tmp
t_dwf_gl_issue_balance_tmp1
t_dwf_gl_issue_info
t_dwf_gl_issue_info_tmp1
f_gl_xxt_issue_je_tmp2
f_gl_xxt_issue_je_tmp1
t_dwf_gl_issue_je
t_dwf_gl_xxt_issue_bj_accum
t_dwf_gl_issue
t_dwf_gl_bond
t_dwf_gl_fund
t_dwf_deposit
t_dwf_deposit_bal_accum_tmp
etl_log_main
etl_run_job_log
etl_run_tenancy
etl_run_main_log
etl_run_main
etl_run_job_masport_dist
etl_run_job_depen
etl_run_job
etl_run_data_load_log
etl_run_check
etl_job_log
dqc_log
t_dwf_iboffer
mas_product_tmp
t_dwd_prod_line
mas_port_16007
ftp_price_unit_tmp
mas_port_deposit_16007
mas_port_tmp_loan_16007
mas_port_16314
mas_port_tmp_loan_16314
mas_port_16285
mas_port_tmp_loan_16285
t_dwf_gl_issue_tmp_16007
mas_port_tmp_tx_16007
t_dwf_gl_issue_tmp_16314
mas_port_tmp_tx_16314
t_dwf_prod_itm_rela
xxt_inf_gene_data_tmp1_16007
xxt_inf_gene_data_tmp1_16314
mas_port_16036
t_dwf_loan_tmp2
t_dwf_loan
t_dwf_loan_tmp3
mas_port_deposit_16285
t_dwf_deposit_tmp1
mas_port_deposit_16036
t_dwf_gl_issue_tmp_16036
t_dwf_gl_issue_tmp_16285
mas_port_tmp_loan_16036
mas_port_tmp_tx_16285
mas_port_tmp_tx_16036
xxt_inf_gene_data_tmp1_16285
xxt_inf_gene_data_tmp1_16036
etl_log_detail1114
etl_log_detail
